../../Middlewares/ST/touchgfx/framework/include/touchgfx/Screen.hpp:104:18:virtual void touchgfx::Screen::afterTransition()	0	static
../../Middlewares/ST/touchgfx/framework/include/touchgfx/Screen.hpp:144:18:virtual void touchgfx::Screen::handleTickEvent()	0	static
../../Middlewares/ST/touchgfx/framework/include/touchgfx/Screen.hpp:154:18:virtual void touchgfx::Screen::handleKeyEvent(uint8_t)	0	static
../../TouchGFX/gui/include/gui/led_screen/LEDView.hpp:11:13:LEDView::~LEDView()	0	static
C:/TouchGFXProjects/GPIO_CONTROL_F429/TouchGFX/gui/src/led_screen/LEDView.cpp:16:6:virtual void LEDView::tearDownScreen()	0	static
C:/TouchGFXProjects/GPIO_CONTROL_F429/TouchGFX/gui/src/led_screen/LEDView.cpp:33:6:virtual void LEDView::Slider_Moved(int)	0	static
C:/TouchGFXProjects/GPIO_CONTROL_F429/TouchGFX/gui/src/led_screen/LEDView.cpp:11:6:virtual void LEDView::setupScreen()	0	static
../../TouchGFX/gui/include/gui/led_screen/LEDView.hpp:11:13:virtual LEDView::~LEDView()	8	static
../../Middlewares/ST/touchgfx/framework/include/touchgfx/Bitmap.hpp:133:14:touchgfx::BitmapId touchgfx::Bitmap::getId() const	8	static
C:/TouchGFXProjects/GPIO_CONTROL_F429/TouchGFX/gui/src/led_screen/LEDView.cpp:21:6:virtual void LEDView::Toggle()	16	static
C:/TouchGFXProjects/GPIO_CONTROL_F429/TouchGFX/gui/src/led_screen/LEDView.cpp:6:1:LEDView::LEDView()	8	static
